[localhost_10010/index.html]
[backblue.gif]
[fade.gif]
[index.html]
[localhost_10010/wp-json/oembed/1.0/embed4b29.json]
[localhost_10010/feed/index.html]
[localhost_10010/comments/feed/index.html]
[localhost_10010/wp-json/oembed/1.0/embed985b]
[localhost_10010/wp-content/plugins/contact-form-7/includes/css/styles5406.css]
[localhost_10010/wp-content/plugins/js_composer/assets/css/js_composer.min31dc.css]
[localhost_10010/wp-content/themes/roneous/assets/css/libsb34e.css]
[localhost_10010/wp-content/uploads/wp-less-cache/roneous-theme-styles16d1.css]
[localhost_10010/wp-content/themes/roneous/styleb34e.css]
[localhost_10010/wp-json/index.html]
[localhost_10010/wp-json/wp/v2/pages/3915.json]
[localhost_10010/xmlrpc0db0.php]
[localhost_10010/wp-content/uploads/2020/05/cropped-AD-LOGO-kotak-3-png-e1588544734306-32x32.png]
[localhost_10010/wp-content/uploads/2020/05/cropped-AD-LOGO-kotak-3-png-e1588544734306-192x192.png]
[localhost_10010/wp-content/uploads/2020/05/cropped-AD-LOGO-kotak-3-png-e1588544734306-180x180.png]
[www.adiendendra.com/wp-content/uploads/2025/07/maskfc74.jpg]
[www.adiendendra.com/wp-content/uploads/2017/03/logo-headerwhite.png]
[www.adiendendra.com/wp-content/uploads/2017/03/logo-header-green.png]
[localhost_10010/wp-content/uploads/2024/04/Twisters-scaled.jpg]
[localhost_10010/wp-content/uploads/2025/03/superman-scaled.jpg]
[localhost_10010/wp-content/uploads/2024/04/LEO.jpg]
[localhost_10010/wp-content/uploads/2025/03/lilo.jpg]
[localhost_10010/wp-content/uploads/2022/03/head.jpg]
[localhost_10010/wp-content/uploads/2017/03/280965_2304135641769_7270081_o.jpg]
[localhost_10010/wp-content/uploads/2017/03/280965_2304135641769_7270081_o-900x600.jpg]
[localhost_10010/wp-content/uploads/2017/03/Untitled-1.jpg]
[localhost_10010/wp-content/uploads/2017/03/Untitled-1-900x600.jpg]
[localhost_10010/wp-content/uploads/2017/03/620659_10200143710694423_630773403_o-900x600.jpg]
[localhost_10010/wp-content/uploads/2017/03/578669_4347483524189_758181670_n.jpg]
[localhost_10010/wp-content/uploads/2017/03/578669_4347483524189_758181670_n-900x600.jpg]
[localhost_10010/wp-content/uploads/2017/03/391099_2612783837781_1943086699_n.jpg]
[localhost_10010/wp-content/uploads/2017/03/391099_2612783837781_1943086699_n-900x600.jpg]
[localhost_10010/wp-content/uploads/2017/03/90d3ccd8-f6d0-430e-83c5-cfc733c311fb.jpg]
[localhost_10010/wp-content/uploads/2017/03/90d3ccd8-f6d0-430e-83c5-cfc733c311fb-900x600.jpg]
[localhost_10010/wp-content/uploads/2017/03/223242_2053998708502_530421_n.jpg]
[localhost_10010/wp-content/uploads/2017/03/201720_2013938947033_7643907_o.jpg]
[www.google.com/recaptcha/apidf99.js]
[localhost_10010/index.html]
[localhost_10010/xmlrpc.php]
[localhost_10010/wp-content/plugins/contact-form-7/includes/css/styles5406.css]
[localhost_10010/wp-content/plugins/js_composer/assets/vc/alert.png]
[localhost_10010/wp-content/plugins/js_composer/assets/vc/info.png]
[localhost_10010/wp-content/plugins/js_composer/assets/vc/tick.png]
[localhost_10010/wp-content/plugins/js_composer/assets/vc/exclamation.png]
[localhost_10010/wp-content/plugins/js_composer/assets/images/icons/address-book.png]
[localhost_10010/wp-content/plugins/js_composer/assets/images/icons/alarm-clock.png]
[localhost_10010/wp-content/plugins/js_composer/assets/images/icons/anchor.png]
[localhost_10010/wp-content/plugins/js_composer/assets/images/icons/application-image.png]
[localhost_10010/wp-content/plugins/js_composer/assets/images/icons/arrow.png]
[localhost_10010/wp-content/plugins/js_composer/assets/images/icons/asterisk.png]
[localhost_10010/wp-content/plugins/js_composer/assets/images/icons/auction-hammer.png]
[localhost_10010/wp-content/plugins/js_composer/assets/images/icons/balloon.png]
[localhost_10010/wp-content/plugins/js_composer/assets/images/icons/balloon-buzz.png]
[localhost_10010/wp-content/plugins/js_composer/assets/images/icons/balloon-facebook.png]
[localhost_10010/wp-content/plugins/js_composer/assets/images/icons/balloon-twitter.png]
[localhost_10010/wp-content/plugins/js_composer/assets/images/icons/battery-full.png]
[localhost_10010/wp-content/plugins/js_composer/assets/images/icons/binocular.png]
[localhost_10010/wp-content/plugins/js_composer/assets/images/icons/blue-document-excel.png]
[localhost_10010/wp-content/plugins/js_composer/assets/images/icons/blue-document-image.png]
[localhost_10010/wp-content/plugins/js_composer/assets/images/icons/blue-document-music.png]
[localhost_10010/wp-content/plugins/js_composer/assets/images/icons/blue-document-office.png]
[localhost_10010/wp-content/plugins/js_composer/assets/images/icons/blue-document-pdf.png]
[localhost_10010/wp-content/plugins/js_composer/assets/images/icons/blue-document-powerpoint.png]
[localhost_10010/wp-content/plugins/js_composer/assets/images/icons/blue-document-word.png]
[localhost_10010/wp-content/plugins/js_composer/assets/images/icons/bookmark.png]
[localhost_10010/wp-content/plugins/js_composer/assets/images/icons/camcorder.png]
[localhost_10010/wp-content/plugins/js_composer/assets/images/icons/camera.png]
[localhost_10010/wp-content/plugins/js_composer/assets/images/icons/chart.png]
[localhost_10010/wp-content/plugins/js_composer/assets/images/icons/chart-pie.png]
[localhost_10010/wp-content/plugins/js_composer/assets/images/icons/control.png]
[localhost_10010/wp-content/plugins/js_composer/assets/images/icons/fire.png]
[localhost_10010/wp-content/plugins/js_composer/assets/images/icons/heart.png]
[localhost_10010/wp-content/plugins/js_composer/assets/images/icons/mail.png]
[localhost_10010/wp-content/plugins/js_composer/assets/images/icons/plus-shield.png]
[localhost_10010/wp-content/plugins/js_composer/assets/images/icons/video.png]
[localhost_10010/wp-content/plugins/js_composer/assets/fonts/vc_icons_v2/fonts/vcpb-plugin-iconsb82a.ttf]
[localhost_10010/wp-content/plugins/js_composer/assets/fonts/vc_icons_v2/fonts/vcpb-plugin-iconsb82a.eot]
[localhost_10010/wp-content/plugins/js_composer/assets/fonts/vc_icons_v2/fonts/vcpb-plugin-iconsb82a.woff]
[localhost_10010/wp-content/plugins/js_composer/assets/fonts/vc_icons_v2/fonts/vcpb-plugin-iconsb82a.svg]
[localhost_10010/wp-content/plugins/js_composer/assets/images/toggle_open.png]
[localhost_10010/wp-content/plugins/js_composer/assets/images/toggle_close.png]
[localhost_10010/wp-content/plugins/js_composer/assets/images/flickr.png]
[localhost_10010/wp-content/plugins/js_composer/assets/fonts/vc_grid/vc_grid_v157a1.eot]
[localhost_10010/wp-content/plugins/js_composer/assets/fonts/vc_grid/vc_grid_v157a1.woff]
[localhost_10010/wp-content/plugins/js_composer/assets/fonts/vc_grid/vc_grid_v1d41d.eot]
[localhost_10010/wp-content/plugins/js_composer/assets/fonts/vc_grid/vc_grid_v157a1.ttf]
[localhost_10010/wp-content/plugins/js_composer/assets/fonts/vc_grid/vc_grid_v157a1.svg]
[localhost_10010/wp-content/plugins/js_composer/assets/images/spinner.gif]
[localhost_10010/wp-content/plugins/js_composer/assets/vc/remove.png]
[localhost_10010/wp-content/plugins/js_composer/assets/css/js_composer.min31dc.css]
[localhost_10010/wp-content/themes/roneous/assets/fonts/glyphicons-halflings-regular.woff2]
[localhost_10010/wp-content/themes/roneous/assets/fonts/glyphicons-halflings-regular.eot]
[localhost_10010/wp-content/themes/roneous/assets/fonts/glyphicons-halflings-regular.ttf]
[localhost_10010/wp-content/themes/roneous/assets/fonts/glyphicons-halflings-regulard41d.eot]
[localhost_10010/wp-content/themes/roneous/assets/fonts/themify.ttf]
[localhost_10010/wp-content/themes/roneous/assets/fonts/themifyd41d.eot]
[localhost_10010/wp-content/themes/roneous/assets/fonts/fontawesome-webfont5b62.woff2]
[localhost_10010/wp-content/themes/roneous/assets/fonts/fontawesome-webfont5b62.eot]
[localhost_10010/wp-content/themes/roneous/assets/fonts/fontawesome-webfont5b62.ttf]
[localhost_10010/wp-content/themes/roneous/assets/css/owl.video.play.87.delayed]
[localhost_10010/wp-content/themes/roneous/assets/img/lightbox/close.png]
[localhost_10010/wp-content/themes/roneous/assets/img/lightbox/loading.gif]
[localhost_10010/wp-content/themes/roneous/assets/img/lightbox/prev.png]
[localhost_10010/wp-content/themes/roneous/assets/img/lightbox/next.png]
[localhost_10010/wp-content/themes/roneous/assets/css/libsb34e.css]
[localhost_10010/wp-content/uploads/wp-less-cache/roneous-theme-styles16d1.css]
[localhost_10010/wp-content/themes/roneous/styleb34e.css]
[localhost_10010/wp-includes/js/jquery/jquery.minf43b.js]
[localhost_10010/wp-includes/js/jquery/jquery-migrate.min5589.js]
[localhost_10010/wp-content/uploads/2022/03/cover-web.jpg]
[localhost_10010/wp-content/uploads/2024/04/romulus.jpg]
[localhost_10010/wp-content/uploads/2017/03/620659_10200143710694423_630773403_o.jpg]
[localhost_10010/wp-content/uploads/2017/03/201720_2013938947033_7643907_o-900x600.jpg]
[localhost_10010/wp-includes/js/dist/vendor/wp-polyfill.min2c7c.js]
[localhost_10010/wp-content/plugins/contact-form-7/includes/js/index5406.js]
[localhost_10010/Deno/index.html]
[localhost_10010/Node.js/index.html]
[localhost_10010/wp-content/plugins/contact-form-7/modules/recaptcha/index5406.js]
[localhost_10010/Popover requires tooltip.js]
[localhost_10010/wp-content/themes/roneous/assets/js/bootstrapb34e.js]
[localhost_10010/wp-includes/js/imagesloaded.minbb93.js]
[localhost_10010/wp-includes/js/masonry.min3a05.js]
[localhost_10010/wp-content/themes/roneous/assets/js/lib/jquery.equalheights.minb34e.js]
[localhost_10010/wp-content/themes/roneous/assets/js/lib/jquery.smooth-scroll.minb34e.js]
[localhost_10010/wp-content/themes/roneous/assets/js/lib/owl.carousel.minb34e.js]
[localhost_10010/wp-content/plugins/js_composer/assets/lib/flexslider/jquery.flexslider.min31dc.js]
[localhost_10010/wp-content/themes/roneous/assets/js/lib/jquery.social-share-counterb34e.js]
[localhost_10010/wp-content/themes/roneous/assets/js/lib/flickrPhotoStreamb34e.js]
[localhost_10010/wp-content/themes/roneous/assets/js/lib/jquery.parallaxb34e.js]
[localhost_10010/wp-content/themes/roneous/assets/js/lib/waypointb34e.js]
[localhost_10010/wp-content/themes/roneous/assets/js/lib/jquery.counterupb34e.js]
[localhost_10010/wp-content/themes/roneous/assets/js/lib/lightbox.minb34e.js]
[localhost_10010/wp-content/themes/roneous/assets/js/lib/jquery.mb.YTPlayer.minb34e.js]
[localhost_10010/wp-content/themes/roneous/assets/js/lib/jquery.countdown.minb34e.js]
[localhost_10010/wp-content/themes/roneous/assets/js/lib/fluidvidsb34e.js]
[localhost_10010/wp-content/themes/roneous/assets/js/lib/gmap3.minb34e.js]
[localhost_10010/wp-content/themes/roneous/assets/js/lib/modernizrb34e.js]
[localhost_10010/wp-content/themes/roneous/assets/js/lib/jquery.throttle.minb34e.js]
[localhost_10010/wp-content/themes/roneous/assets/js/lib/jQuery.shuffle.minb34e.js]
[localhost_10010/wp-content/themes/roneous/assets/js/scriptsb34e.js]
[apis.google.com/js/plusone.js]
[localhost_10010/wp-content/plugins/js_composer/assets/js/dist/js_composer_front.min31dc.js]
[assets.pinterest.com/js/pinit.js]
[localhost_10010/wp-content/plugins/js_composer/assets/fonts/vc_icons_v2/fonts/vcpb-plugin-iconsb82a.svg]
[localhost_10010/wp-content/plugins/js_composer/assets/vc/blur.svg]
[localhost_10010/wp-content/plugins/js_composer/assets/fonts/vc_grid/vc_grid_v157a1.svg]
[localhost_10010/wp-content/themes/roneous/assets/fonts/glyphicons-halflings-regular.html]
[localhost_10010/wp-content/plugins/js_composer/assets/images/icons/clock.png]
[localhost_10010/wp-content/themes/roneous/assets/fonts/glyphicons-halflings-regular.woff]
[localhost_10010/wp-content/themes/roneous/assets/fonts/glyphicons-halflings-regular.svg]
[localhost_10010/wp-content/themes/roneous/assets/fonts/themify.woff]
[localhost_10010/wp-content/themes/roneous/assets/fonts/fontawesome-webfont5b62.svg]
[localhost_10010/wp-content/themes/roneous/assets/css/owl.video.play.html]
[localhost_10010/wp-content/themes/roneous/assets/fonts/fontawesome-webfontd41d.eot]
[localhost_10010/Deno/index.html]
[localhost_10010/Node.js/index.html]
[localhost_10010/Popover requires tooltip.html]
[localhost_10010/wp-content/themes/roneous/assets/fonts/glyphicons-halflings-regular.svg]
[localhost_10010/wp-content/themes/roneous/assets/fonts/fontawesome-webfont5b62.svg]
[localhost_10010/wp-content/themes/roneous/assets/fonts/fontawesome-webfont5b62.woff]
[localhost_10010/Bun/index.html]
[localhost_10010/Bun/index.html]
[localhost_10010/wp-content/themes/roneous/assets/fonts/themify.svg]
[localhost_10010/wp-content/themes/roneous/assets/fonts/themify.svg]
